<html>
<body>
<pre>
<h1>µVision Build Log</h1>
<h2>Project:</h2>
C:\Users\gmarti37\ECSE426G7\Lab 3\Lab 3 Base Project\Lab3_Project.uvproj
Project File Date:  10/29/2013

<h2>Output:</h2>
Build target 'Target 1'
compiling accelerometer.c...
src\conversion.h(11): warning:  #1-D: last line of file ends without a newline
src\accelerometer.c(163): warning:  #1-D: last line of file ends without a newline
linking...
Program Size: Code=19888 RO-data=720 RW-data=116 ZI-data=1684  
".\obj\Lab3_Project.axf" - 0 Error(s), 2 Warning(s).
Load "C:\\Users\\gmarti37\\ECSE426G7\\Lab 3\\Lab 3 Base Project\\obj\\Lab3_Project.axf" 
Erase Done.
Programming Done.
Verify OK.
Build target 'Target 1'
compiling accelerometer.c...
src\conversion.h(11): warning:  #1-D: last line of file ends without a newline
src\accelerometer.c(163): warning:  #1-D: last line of file ends without a newline
linking...
Program Size: Code=19888 RO-data=720 RW-data=116 ZI-data=1684  
".\obj\Lab3_Project.axf" - 0 Error(s), 2 Warning(s).
