<html>
<body>
<pre>
<h1>µVision Build Log</h1>
<h2>Project:</h2>
C:\Users\gmarti37\ECSE426G7\Lab 4\rtx_project\keil\rtx.uvproj
Project File Date:  11/06/2013

<h2>Output:</h2>
Build target 'Project'
compiling accelerometer.c...
..\conversion.h(8): warning:  #1-D: last line of file ends without a newline
..\accFilter.h(12): warning:  #1-D: last line of file ends without a newline
..\accelerometer.c(209): warning:  #1-D: last line of file ends without a newline
linking...
Program Size: Code=25788 RO-data=932 RW-data=216 ZI-data=12016  
FromELF: creating hex file...
".\obj\output.axf" - 0 Error(s), 3 Warning(s).
Load "C:\\Users\\gmarti37\\ECSE426G7\\Lab 4\\rtx_project\\keil\\obj\\output.axf" 
Erase Done.
Programming Done.
Verify OK.
