<html>
<body>
<pre>
<h1>µVision Build Log</h1>
<h2>Project:</h2>
C:\Users\pwhite8\ECSE426G7\Lab 2\Lab2_Project.uvproj
Project File Date:  10/16/2013

<h2>Output:</h2>
Load "C:\\Users\\pwhite8\\ECSE426G7\\Lab 2\\obj\\Lab2_Project.axf" 
Erase Done.
Programming Done.
Verify OK.
Build target 'Target 1'
compiling fputc_debug.c...
compiling main.c...
src\main.h(23): warning:  #1295-D: Deprecated declaration SysTick_Handler - give arg types
src\main.h(24): warning:  #1295-D: Deprecated declaration initializeLed - give arg types
src\main.h(25): warning:  #1295-D: Deprecated declaration initializeAdc - give arg types
compiling system_stm32f4xx.c...
compiling misc.c...
compiling stm32f4xx_adc.c...
compiling stm32f4xx_can.c...
compiling stm32f4xx_crc.c...
compiling stm32f4xx_cryp.c...
compiling stm32f4xx_cryp_aes.c...
compiling stm32f4xx_cryp_des.c...
compiling stm32f4xx_cryp_tdes.c...
compiling stm32f4xx_dac.c...
compiling stm32f4xx_dbgmcu.c...
compiling stm32f4xx_dcmi.c...
compiling stm32f4xx_dma.c...
compiling stm32f4xx_exti.c...
compiling stm32f4xx_flash.c...
compiling stm32f4xx_fsmc.c...
compiling stm32f4xx_gpio.c...
compiling stm32f4xx_hash.c...
compiling stm32f4xx_hash_md5.c...
compiling stm32f4xx_hash_sha1.c...
compiling stm32f4xx_i2c.c...
compiling stm32f4xx_iwdg.c...
compiling stm32f4xx_pwr.c...
compiling stm32f4xx_rcc.c...
compiling stm32f4xx_rng.c...
compiling stm32f4xx_rtc.c...
compiling stm32f4xx_sdio.c...
compiling stm32f4xx_spi.c...
compiling stm32f4xx_syscfg.c...
compiling stm32f4xx_tim.c...
compiling stm32f4xx_usart.c...
compiling stm32f4xx_wwdg.c...
linking...
Program Size: Code=4720 RO-data=424 RW-data=52 ZI-data=1636  
".\obj\Lab2_Project.axf" - 0 Error(s), 3 Warning(s).
Build target 'Target 1'
compiling main.c...
src\main.h(24): warning:  #1295-D: Deprecated declaration SysTick_Handler - give arg types
src\main.h(25): warning:  #1295-D: Deprecated declaration initializeLed - give arg types
src\main.h(26): warning:  #1295-D: Deprecated declaration initializeAdc - give arg types
linking...
Program Size: Code=4724 RO-data=424 RW-data=52 ZI-data=1636  
".\obj\Lab2_Project.axf" - 0 Error(s), 3 Warning(s).
Build target 'Target 1'
compiling main.c...
src\main.h(23): warning:  #1295-D: Deprecated declaration SysTick_Handler - give arg types
src\main.h(24): warning:  #1295-D: Deprecated declaration initializeLed - give arg types
src\main.h(25): warning:  #1295-D: Deprecated declaration initializeAdc - give arg types
src\main.c(16): warning:  #177-D: variable "LED" was declared but never referenced
linking...
Program Size: Code=4728 RO-data=424 RW-data=52 ZI-data=1636  
".\obj\Lab2_Project.axf" - 0 Error(s), 4 Warning(s).
Load "C:\\Users\\pwhite8\\ECSE426G7\\Lab 2\\obj\\Lab2_Project.axf" 
Erase Done.
Programming Done.
Verify OK.
Build target 'Target 1'
compiling main.c...
src\main.h(23): warning:  #1295-D: Deprecated declaration SysTick_Handler - give arg types
src\main.h(24): warning:  #1295-D: Deprecated declaration initializeLed - give arg types
src\main.h(25): warning:  #1295-D: Deprecated declaration initializeAdc - give arg types
src\main.c(16): warning:  #177-D: variable "LED" was declared but never referenced
linking...
Program Size: Code=4752 RO-data=424 RW-data=52 ZI-data=1636  
".\obj\Lab2_Project.axf" - 0 Error(s), 4 Warning(s).
Load "C:\\Users\\pwhite8\\ECSE426G7\\Lab 2\\obj\\Lab2_Project.axf" 
Erase Done.
Programming Done.
Verify OK.
Build target 'Target 1'
compiling main.c...
src\main.h(23): warning:  #1295-D: Deprecated declaration SysTick_Handler - give arg types
src\main.h(24): warning:  #1295-D: Deprecated declaration initializeLed - give arg types
src\main.h(25): warning:  #1295-D: Deprecated declaration initializeAdc - give arg types
src\main.c(16): warning:  #177-D: variable "LED" was declared but never referenced
linking...
Program Size: Code=4836 RO-data=424 RW-data=52 ZI-data=1636  
".\obj\Lab2_Project.axf" - 0 Error(s), 4 Warning(s).
Load "C:\\Users\\pwhite8\\ECSE426G7\\Lab 2\\obj\\Lab2_Project.axf" 
Erase Done.
Programming Done.
Verify OK.
Build target 'Target 1'
compiling main.c...
src\main.h(23): warning:  #1295-D: Deprecated declaration SysTick_Handler - give arg types
src\main.h(24): warning:  #1295-D: Deprecated declaration initializeLed - give arg types
src\main.h(25): warning:  #1295-D: Deprecated declaration initializeAdc - give arg types
src\main.c(16): warning:  #177-D: variable "LED" was declared but never referenced
linking...
Program Size: Code=4836 RO-data=424 RW-data=52 ZI-data=1636  
".\obj\Lab2_Project.axf" - 0 Error(s), 4 Warning(s).
Build target 'Target 1'
compiling main.c...
src\main.h(23): warning:  #1295-D: Deprecated declaration SysTick_Handler - give arg types
src\main.h(24): warning:  #1295-D: Deprecated declaration initializeLed - give arg types
src\main.h(25): warning:  #1295-D: Deprecated declaration initializeAdc - give arg types
src\main.c(16): warning:  #177-D: variable "LED" was declared but never referenced
linking...
Program Size: Code=4836 RO-data=424 RW-data=52 ZI-data=1636  
".\obj\Lab2_Project.axf" - 0 Error(s), 4 Warning(s).
Load "C:\\Users\\pwhite8\\ECSE426G7\\Lab 2\\obj\\Lab2_Project.axf" 
Erase Done.
Programming Done.
Verify OK.
Build target 'Target 1'
compiling main.c...
src\main.h(23): warning:  #1295-D: Deprecated declaration SysTick_Handler - give arg types
src\main.h(24): warning:  #1295-D: Deprecated declaration initializeLed - give arg types
src\main.h(25): warning:  #1295-D: Deprecated declaration initializeAdc - give arg types
src\main.c(16): warning:  #177-D: variable "LED" was declared but never referenced
linking...
Program Size: Code=4808 RO-data=424 RW-data=52 ZI-data=1636  
".\obj\Lab2_Project.axf" - 0 Error(s), 4 Warning(s).
Load "C:\\Users\\pwhite8\\ECSE426G7\\Lab 2\\obj\\Lab2_Project.axf" 
Erase Done.
Programming Done.
Verify OK.
Build target 'Target 1'
compiling main.c...
src\main.h(23): warning:  #1295-D: Deprecated declaration SysTick_Handler - give arg types
src\main.h(24): warning:  #1295-D: Deprecated declaration initializeLed - give arg types
src\main.h(25): warning:  #1295-D: Deprecated declaration initializeAdc - give arg types
src\main.c(16): warning:  #177-D: variable "LED" was declared but never referenced
linking...
Program Size: Code=4744 RO-data=424 RW-data=52 ZI-data=1636  
".\obj\Lab2_Project.axf" - 0 Error(s), 4 Warning(s).
Load "C:\\Users\\pwhite8\\ECSE426G7\\Lab 2\\obj\\Lab2_Project.axf" 
Erase Done.
Programming Done.
Verify OK.
Build target 'Target 1'
compiling main.c...
src\main.h(23): warning:  #1295-D: Deprecated declaration SysTick_Handler - give arg types
src\main.h(24): warning:  #1295-D: Deprecated declaration initializeLed - give arg types
src\main.h(25): warning:  #1295-D: Deprecated declaration initializeAdc - give arg types
src\main.c(16): warning:  #177-D: variable "LED" was declared but never referenced
linking...
Program Size: Code=4748 RO-data=424 RW-data=52 ZI-data=1636  
".\obj\Lab2_Project.axf" - 0 Error(s), 4 Warning(s).
Load "C:\\Users\\pwhite8\\ECSE426G7\\Lab 2\\obj\\Lab2_Project.axf" 
Erase Done.
Programming Done.
Verify OK.
Build target 'Target 1'
compiling main.c...
src\main.h(23): warning:  #1295-D: Deprecated declaration SysTick_Handler - give arg types
src\main.h(24): warning:  #1295-D: Deprecated declaration initializeLed - give arg types
src\main.h(25): warning:  #1295-D: Deprecated declaration initializeAdc - give arg types
src\main.c(16): warning:  #177-D: variable "LED" was declared but never referenced
linking...
Program Size: Code=4752 RO-data=424 RW-data=52 ZI-data=1636  
".\obj\Lab2_Project.axf" - 0 Error(s), 4 Warning(s).
Load "C:\\Users\\pwhite8\\ECSE426G7\\Lab 2\\obj\\Lab2_Project.axf" 
Erase Done.
Programming Done.
Verify OK.
Build target 'Target 1'
compiling main.c...
src\main.h(23): warning:  #1295-D: Deprecated declaration SysTick_Handler - give arg types
src\main.h(24): warning:  #1295-D: Deprecated declaration initializeLed - give arg types
src\main.h(25): warning:  #1295-D: Deprecated declaration initializeAdc - give arg types
src\main.c(16): warning:  #177-D: variable "LED" was declared but never referenced
linking...
Program Size: Code=4828 RO-data=424 RW-data=52 ZI-data=1636  
".\obj\Lab2_Project.axf" - 0 Error(s), 4 Warning(s).
Load "C:\\Users\\pwhite8\\ECSE426G7\\Lab 2\\obj\\Lab2_Project.axf" 
Erase Done.
Programming Done.
Verify OK.
Build target 'Target 1'
compiling main.c...
src\main.h(23): warning:  #1295-D: Deprecated declaration SysTick_Handler - give arg types
src\main.h(24): warning:  #1295-D: Deprecated declaration initializeLed - give arg types
src\main.h(25): warning:  #1295-D: Deprecated declaration initializeAdc - give arg types
src\main.c(16): warning:  #177-D: variable "LED" was declared but never referenced
linking...
Program Size: Code=4752 RO-data=424 RW-data=52 ZI-data=1636  
".\obj\Lab2_Project.axf" - 0 Error(s), 4 Warning(s).
Load "C:\\Users\\pwhite8\\ECSE426G7\\Lab 2\\obj\\Lab2_Project.axf" 
Erase Done.
Programming Done.
Verify OK.
Build target 'Target 1'
compiling main.c...
src\main.h(23): warning:  #1295-D: Deprecated declaration SysTick_Handler - give arg types
src\main.h(24): warning:  #1295-D: Deprecated declaration initializeLed - give arg types
src\main.h(25): warning:  #1295-D: Deprecated declaration initializeAdc - give arg types
src\main.c(16): warning:  #177-D: variable "LED" was declared but never referenced
linking...
Program Size: Code=4752 RO-data=424 RW-data=52 ZI-data=1636  
".\obj\Lab2_Project.axf" - 0 Error(s), 4 Warning(s).
Load "C:\\Users\\pwhite8\\ECSE426G7\\Lab 2\\obj\\Lab2_Project.axf" 
Erase Done.
Programming Done.
Verify OK.
Build target 'Target 1'
compiling main.c...
src\main.h(23): warning:  #1295-D: Deprecated declaration SysTick_Handler - give arg types
src\main.h(24): warning:  #1295-D: Deprecated declaration initializeLed - give arg types
src\main.h(25): warning:  #1295-D: Deprecated declaration initializeAdc - give arg types
src\main.c(16): warning:  #177-D: variable "LED" was declared but never referenced
linking...
Program Size: Code=4748 RO-data=424 RW-data=52 ZI-data=1636  
".\obj\Lab2_Project.axf" - 0 Error(s), 4 Warning(s).
Load "C:\\Users\\pwhite8\\ECSE426G7\\Lab 2\\obj\\Lab2_Project.axf" 
Erase Done.
Programming Done.
Verify OK.
Build target 'Target 1'
compiling main.c...
src\main.h(23): warning:  #1295-D: Deprecated declaration SysTick_Handler - give arg types
src\main.h(24): warning:  #1295-D: Deprecated declaration initializeLed - give arg types
src\main.h(25): warning:  #1295-D: Deprecated declaration initializeAdc - give arg types
src\main.c(16): warning:  #177-D: variable "LED" was declared but never referenced
linking...
Program Size: Code=4748 RO-data=424 RW-data=52 ZI-data=1636  
".\obj\Lab2_Project.axf" - 0 Error(s), 4 Warning(s).
Load "C:\\Users\\pwhite8\\ECSE426G7\\Lab 2\\obj\\Lab2_Project.axf" 
Erase Done.
Programming Done.
Verify OK.
Build target 'Target 1'
compiling main.c...
src\main.h(23): warning:  #1295-D: Deprecated declaration SysTick_Handler - give arg types
src\main.h(24): warning:  #1295-D: Deprecated declaration initializeLed - give arg types
src\main.h(25): warning:  #1295-D: Deprecated declaration initializeAdc - give arg types
src\main.c(16): warning:  #177-D: variable "LED" was declared but never referenced
linking...
Program Size: Code=4748 RO-data=424 RW-data=52 ZI-data=1636  
".\obj\Lab2_Project.axf" - 0 Error(s), 4 Warning(s).
Build target 'Target 1'
compiling main.c...
src\main.h(23): warning:  #1295-D: Deprecated declaration SysTick_Handler - give arg types
src\main.h(24): warning:  #1295-D: Deprecated declaration initializeLed - give arg types
src\main.h(25): warning:  #1295-D: Deprecated declaration initializeAdc - give arg types
src\main.c(16): warning:  #177-D: variable "LED" was declared but never referenced
linking...
Program Size: Code=4744 RO-data=424 RW-data=52 ZI-data=1636  
".\obj\Lab2_Project.axf" - 0 Error(s), 4 Warning(s).
Load "C:\\Users\\pwhite8\\ECSE426G7\\Lab 2\\obj\\Lab2_Project.axf" 
Erase Done.
Programming Done.
Verify OK.
Build target 'Target 1'
compiling main.c...
src\main.h(23): warning:  #1295-D: Deprecated declaration SysTick_Handler - give arg types
src\main.h(24): warning:  #1295-D: Deprecated declaration initializeLed - give arg types
src\main.h(25): warning:  #1295-D: Deprecated declaration initializeAdc - give arg types
src\main.c(16): warning:  #177-D: variable "LED" was declared but never referenced
linking...
Program Size: Code=4744 RO-data=424 RW-data=52 ZI-data=1636  
".\obj\Lab2_Project.axf" - 0 Error(s), 4 Warning(s).
Load "C:\\Users\\pwhite8\\ECSE426G7\\Lab 2\\obj\\Lab2_Project.axf" 
Erase Done.
Programming Done.
Verify OK.
Build target 'Target 1'
compiling main.c...
src\main.h(23): warning:  #1295-D: Deprecated declaration SysTick_Handler - give arg types
src\main.h(24): warning:  #1295-D: Deprecated declaration initializeLed - give arg types
src\main.h(25): warning:  #1295-D: Deprecated declaration initializeAdc - give arg types
src\main.c(16): warning:  #177-D: variable "LED" was declared but never referenced
linking...
Program Size: Code=4744 RO-data=424 RW-data=52 ZI-data=1636  
".\obj\Lab2_Project.axf" - 0 Error(s), 4 Warning(s).
Load "C:\\Users\\pwhite8\\ECSE426G7\\Lab 2\\obj\\Lab2_Project.axf" 
Erase Done.
Programming Done.
Verify OK.
Build target 'Target 1'
compiling main.c...
src\main.h(23): warning:  #1295-D: Deprecated declaration SysTick_Handler - give arg types
src\main.h(24): warning:  #1295-D: Deprecated declaration initializeLed - give arg types
src\main.h(25): warning:  #1295-D: Deprecated declaration initializeAdc - give arg types
src\main.c(16): warning:  #177-D: variable "LED" was declared but never referenced
linking...
Program Size: Code=4744 RO-data=424 RW-data=52 ZI-data=1636  
".\obj\Lab2_Project.axf" - 0 Error(s), 4 Warning(s).
Load "C:\\Users\\pwhite8\\ECSE426G7\\Lab 2\\obj\\Lab2_Project.axf" 
Erase Done.
Programming Done.
Verify OK.
Build target 'Target 1'
compiling main.c...
src\main.h(23): warning:  #1295-D: Deprecated declaration SysTick_Handler - give arg types
src\main.h(24): warning:  #1295-D: Deprecated declaration initializeLed - give arg types
src\main.h(25): warning:  #1295-D: Deprecated declaration initializeAdc - give arg types
src\main.c(16): warning:  #177-D: variable "LED" was declared but never referenced
linking...
Program Size: Code=4752 RO-data=424 RW-data=52 ZI-data=1636  
".\obj\Lab2_Project.axf" - 0 Error(s), 4 Warning(s).
Load "C:\\Users\\pwhite8\\ECSE426G7\\Lab 2\\obj\\Lab2_Project.axf" 
Erase Done.
Programming Done.
Verify OK.
Build target 'Target 1'
compiling main.c...
src\main.h(23): warning:  #1295-D: Deprecated declaration SysTick_Handler - give arg types
src\main.h(24): warning:  #1295-D: Deprecated declaration initializeLed - give arg types
src\main.h(25): warning:  #1295-D: Deprecated declaration initializeAdc - give arg types
src\main.c(16): warning:  #177-D: variable "LED" was declared but never referenced
linking...
Program Size: Code=4752 RO-data=424 RW-data=52 ZI-data=1636  
".\obj\Lab2_Project.axf" - 0 Error(s), 4 Warning(s).
Load "C:\\Users\\pwhite8\\ECSE426G7\\Lab 2\\obj\\Lab2_Project.axf" 
Erase Done.
Programming Done.
Verify OK.
Build target 'Target 1'
compiling main.c...
src\main.h(23): warning:  #1295-D: Deprecated declaration SysTick_Handler - give arg types
src\main.h(24): warning:  #1295-D: Deprecated declaration initializeLed - give arg types
src\main.h(25): warning:  #1295-D: Deprecated declaration initializeAdc - give arg types
src\main.c(16): warning:  #177-D: variable "LED" was declared but never referenced
linking...
Program Size: Code=4752 RO-data=424 RW-data=52 ZI-data=1636  
".\obj\Lab2_Project.axf" - 0 Error(s), 4 Warning(s).
Load "C:\\Users\\pwhite8\\ECSE426G7\\Lab 2\\obj\\Lab2_Project.axf" 
Erase Done.
Programming Done.
Verify OK.
Build target 'Target 1'
compiling main.c...
src\main.h(23): warning:  #1295-D: Deprecated declaration SysTick_Handler - give arg types
src\main.h(24): warning:  #1295-D: Deprecated declaration initializeLed - give arg types
src\main.h(25): warning:  #1295-D: Deprecated declaration initializeAdc - give arg types
src\main.c(16): warning:  #177-D: variable "LED" was declared but never referenced
linking...
Program Size: Code=4764 RO-data=424 RW-data=52 ZI-data=1636  
".\obj\Lab2_Project.axf" - 0 Error(s), 4 Warning(s).
Load "C:\\Users\\pwhite8\\ECSE426G7\\Lab 2\\obj\\Lab2_Project.axf" 
Erase Done.
Programming Done.
Verify OK.
Build target 'Target 1'
compiling main.c...
src\main.h(23): warning:  #1295-D: Deprecated declaration SysTick_Handler - give arg types
src\main.h(24): warning:  #1295-D: Deprecated declaration initializeLed - give arg types
src\main.h(25): warning:  #1295-D: Deprecated declaration initializeAdc - give arg types
src\main.c(16): warning:  #177-D: variable "LED" was declared but never referenced
linking...
Program Size: Code=4928 RO-data=424 RW-data=52 ZI-data=1636  
".\obj\Lab2_Project.axf" - 0 Error(s), 4 Warning(s).
Load "C:\\Users\\pwhite8\\ECSE426G7\\Lab 2\\obj\\Lab2_Project.axf" 
Erase Done.
Programming Done.
Verify OK.
Build target 'Target 1'
compiling main.c...
src\main.h(23): warning:  #1295-D: Deprecated declaration SysTick_Handler - give arg types
src\main.h(24): warning:  #1295-D: Deprecated declaration initializeLed - give arg types
src\main.h(25): warning:  #1295-D: Deprecated declaration initializeAdc - give arg types
src\main.c(16): warning:  #177-D: variable "LED" was declared but never referenced
linking...
Program Size: Code=4928 RO-data=424 RW-data=52 ZI-data=1636  
".\obj\Lab2_Project.axf" - 0 Error(s), 4 Warning(s).
Load "C:\\Users\\pwhite8\\ECSE426G7\\Lab 2\\obj\\Lab2_Project.axf" 
Erase Done.
Programming Done.
Verify OK.
Build target 'Target 1'
compiling main.c...
src\main.h(23): warning:  #1295-D: Deprecated declaration SysTick_Handler - give arg types
src\main.h(24): warning:  #1295-D: Deprecated declaration initializeLed - give arg types
src\main.h(25): warning:  #1295-D: Deprecated declaration initializeAdc - give arg types
src\main.c(16): warning:  #177-D: variable "LED" was declared but never referenced
linking...
Program Size: Code=4928 RO-data=424 RW-data=52 ZI-data=1636  
".\obj\Lab2_Project.axf" - 0 Error(s), 4 Warning(s).
Load "C:\\Users\\pwhite8\\ECSE426G7\\Lab 2\\obj\\Lab2_Project.axf" 
Erase Done.
Programming Done.
Verify OK.
Build target 'Target 1'
compiling main.c...
src\main.h(23): warning:  #1295-D: Deprecated declaration SysTick_Handler - give arg types
src\main.h(24): warning:  #1295-D: Deprecated declaration initializeLed - give arg types
src\main.h(25): warning:  #1295-D: Deprecated declaration initializeAdc - give arg types
src\main.c(16): warning:  #177-D: variable "LED" was declared but never referenced
linking...
Program Size: Code=4932 RO-data=424 RW-data=52 ZI-data=1636  
".\obj\Lab2_Project.axf" - 0 Error(s), 4 Warning(s).
Load "C:\\Users\\pwhite8\\ECSE426G7\\Lab 2\\obj\\Lab2_Project.axf" 
Erase Done.
Programming Done.
Verify OK.
Build target 'Target 1'
compiling main.c...
src\main.h(23): warning:  #1295-D: Deprecated declaration SysTick_Handler - give arg types
src\main.h(24): warning:  #1295-D: Deprecated declaration initializeLed - give arg types
src\main.h(25): warning:  #1295-D: Deprecated declaration initializeAdc - give arg types
src\main.c(16): warning:  #177-D: variable "LED" was declared but never referenced
linking...
Program Size: Code=4944 RO-data=424 RW-data=52 ZI-data=1636  
".\obj\Lab2_Project.axf" - 0 Error(s), 4 Warning(s).
Load "C:\\Users\\pwhite8\\ECSE426G7\\Lab 2\\obj\\Lab2_Project.axf" 
Erase Done.
Programming Done.
Verify OK.
Build target 'Target 1'
compiling main.c...
src\main.h(23): warning:  #1295-D: Deprecated declaration SysTick_Handler - give arg types
src\main.h(24): warning:  #1295-D: Deprecated declaration initializeLed - give arg types
src\main.h(25): warning:  #1295-D: Deprecated declaration initializeAdc - give arg types
src\main.c(16): warning:  #177-D: variable "LED" was declared but never referenced
linking...
Program Size: Code=4932 RO-data=424 RW-data=52 ZI-data=1636  
".\obj\Lab2_Project.axf" - 0 Error(s), 4 Warning(s).
Load "C:\\Users\\pwhite8\\ECSE426G7\\Lab 2\\obj\\Lab2_Project.axf" 
Erase Done.
Programming Done.
Verify OK.
Build target 'Target 1'
compiling main.c...
src\main.h(23): warning:  #1295-D: Deprecated declaration SysTick_Handler - give arg types
src\main.h(24): warning:  #1295-D: Deprecated declaration initializeLed - give arg types
src\main.h(25): warning:  #1295-D: Deprecated declaration initializeAdc - give arg types
src\main.c(16): warning:  #177-D: variable "LED" was declared but never referenced
linking...
Program Size: Code=4952 RO-data=424 RW-data=52 ZI-data=1636  
".\obj\Lab2_Project.axf" - 0 Error(s), 4 Warning(s).
Load "C:\\Users\\pwhite8\\ECSE426G7\\Lab 2\\obj\\Lab2_Project.axf" 
Erase Done.
Programming Done.
Verify OK.
Build target 'Target 1'
compiling main.c...
src\main.h(23): warning:  #1295-D: Deprecated declaration SysTick_Handler - give arg types
src\main.h(24): warning:  #1295-D: Deprecated declaration initializeLed - give arg types
src\main.h(25): warning:  #1295-D: Deprecated declaration initializeAdc - give arg types
src\main.c(16): warning:  #177-D: variable "LED" was declared but never referenced
linking...
Program Size: Code=4968 RO-data=424 RW-data=52 ZI-data=1636  
".\obj\Lab2_Project.axf" - 0 Error(s), 4 Warning(s).
Load "C:\\Users\\pwhite8\\ECSE426G7\\Lab 2\\obj\\Lab2_Project.axf" 
Erase Done.
Programming Done.
Verify OK.
Build target 'Target 1'
compiling main.c...
src\main.h(23): warning:  #1295-D: Deprecated declaration SysTick_Handler - give arg types
src\main.h(24): warning:  #1295-D: Deprecated declaration initializeLed - give arg types
src\main.h(25): warning:  #1295-D: Deprecated declaration initializeAdc - give arg types
src\main.c(16): warning:  #177-D: variable "LED" was declared but never referenced
linking...
Program Size: Code=4968 RO-data=424 RW-data=52 ZI-data=1636  
".\obj\Lab2_Project.axf" - 0 Error(s), 4 Warning(s).
Load "C:\\Users\\pwhite8\\ECSE426G7\\Lab 2\\obj\\Lab2_Project.axf" 
Erase Done.
Programming Done.
Verify OK.
Build target 'Target 1'
compiling main.c...
src\main.h(23): warning:  #1295-D: Deprecated declaration SysTick_Handler - give arg types
src\main.h(24): warning:  #1295-D: Deprecated declaration initializeLed - give arg types
src\main.h(25): warning:  #1295-D: Deprecated declaration initializeAdc - give arg types
src\main.c(16): warning:  #177-D: variable "LED" was declared but never referenced
linking...
Program Size: Code=4992 RO-data=424 RW-data=52 ZI-data=1636  
".\obj\Lab2_Project.axf" - 0 Error(s), 4 Warning(s).
Load "C:\\Users\\pwhite8\\ECSE426G7\\Lab 2\\obj\\Lab2_Project.axf" 
Erase Done.
Programming Done.
Verify OK.
Build target 'Target 1'
compiling main.c...
src\main.h(23): warning:  #1295-D: Deprecated declaration SysTick_Handler - give arg types
src\main.h(24): warning:  #1295-D: Deprecated declaration initializeLed - give arg types
src\main.h(25): warning:  #1295-D: Deprecated declaration initializeAdc - give arg types
src\main.c(16): warning:  #177-D: variable "LED" was declared but never referenced
linking...
Program Size: Code=4972 RO-data=424 RW-data=52 ZI-data=1636  
".\obj\Lab2_Project.axf" - 0 Error(s), 4 Warning(s).
Load "C:\\Users\\pwhite8\\ECSE426G7\\Lab 2\\obj\\Lab2_Project.axf" 
Erase Done.
Programming Done.
Verify OK.
Build target 'Target 1'
compiling main.c...
src\main.h(23): warning:  #1295-D: Deprecated declaration SysTick_Handler - give arg types
src\main.h(24): warning:  #1295-D: Deprecated declaration initializeLed - give arg types
src\main.h(25): warning:  #1295-D: Deprecated declaration initializeAdc - give arg types
src\main.c(16): warning:  #177-D: variable "LED" was declared but never referenced
linking...
Program Size: Code=5052 RO-data=424 RW-data=52 ZI-data=1636  
".\obj\Lab2_Project.axf" - 0 Error(s), 4 Warning(s).
Load "C:\\Users\\pwhite8\\ECSE426G7\\Lab 2\\obj\\Lab2_Project.axf" 
Erase Done.
Programming Done.
Verify OK.
Build target 'Target 1'
compiling main.c...
src\main.h(23): warning:  #1295-D: Deprecated declaration SysTick_Handler - give arg types
src\main.h(24): warning:  #1295-D: Deprecated declaration initializeLed - give arg types
src\main.h(25): warning:  #1295-D: Deprecated declaration initializeAdc - give arg types
src\main.c(16): warning:  #177-D: variable "LED" was declared but never referenced
linking...
Program Size: Code=4972 RO-data=424 RW-data=52 ZI-data=1636  
".\obj\Lab2_Project.axf" - 0 Error(s), 4 Warning(s).
Build target 'Target 1'
compiling main.c...
src\main.h(23): warning:  #1295-D: Deprecated declaration SysTick_Handler - give arg types
src\main.h(24): warning:  #1295-D: Deprecated declaration initializeLed - give arg types
src\main.h(25): warning:  #1295-D: Deprecated declaration initializeAdc - give arg types
src\main.c(197): error:  #42: operand types are incompatible ("short *" and "int")
src\main.c(202): error:  #42: operand types are incompatible ("short *" and "int")
src\main.c(207): error:  #42: operand types are incompatible ("short *" and "int")
Target not created
Build target 'Target 1'
compiling main.c...
src\main.h(23): warning:  #1295-D: Deprecated declaration SysTick_Handler - give arg types
src\main.h(24): warning:  #1295-D: Deprecated declaration initializeLed - give arg types
src\main.h(25): warning:  #1295-D: Deprecated declaration initializeAdc - give arg types
src\main.c(197): error:  #42: operand types are incompatible ("short **" and "int")
src\main.c(202): error:  #42: operand types are incompatible ("short **" and "int")
src\main.c(207): error:  #42: operand types are incompatible ("short **" and "int")
Target not created
Build target 'Target 1'
compiling main.c...
src\main.h(23): warning:  #1295-D: Deprecated declaration SysTick_Handler - give arg types
src\main.h(24): warning:  #1295-D: Deprecated declaration initializeLed - give arg types
src\main.h(25): warning:  #1295-D: Deprecated declaration initializeAdc - give arg types
src\main.c(197): error:  #42: operand types are incompatible ("short *" and "int")
src\main.c(202): error:  #42: operand types are incompatible ("short *" and "int")
src\main.c(207): error:  #42: operand types are incompatible ("short *" and "int")
Target not created
Build target 'Target 1'
compiling main.c...
src\main.h(23): warning:  #1295-D: Deprecated declaration SysTick_Handler - give arg types
src\main.h(24): warning:  #1295-D: Deprecated declaration initializeLed - give arg types
src\main.h(25): warning:  #1295-D: Deprecated declaration initializeAdc - give arg types
src\main.c(197): error:  #42: operand types are incompatible ("short *" and "int")
src\main.c(202): error:  #42: operand types are incompatible ("short *" and "int")
src\main.c(207): error:  #42: operand types are incompatible ("short *" and "int")
Target not created
Build target 'Target 1'
compiling main.c...
src\main.h(23): warning:  #1295-D: Deprecated declaration SysTick_Handler - give arg types
src\main.h(24): warning:  #1295-D: Deprecated declaration initializeLed - give arg types
src\main.h(25): warning:  #1295-D: Deprecated declaration initializeAdc - give arg types
src\main.c(202): error:  #42: operand types are incompatible ("short *" and "int")
src\main.c(207): error:  #42: operand types are incompatible ("short *" and "int")
Target not created
Build target 'Target 1'
compiling main.c...
src\main.h(23): warning:  #1295-D: Deprecated declaration SysTick_Handler - give arg types
src\main.h(24): warning:  #1295-D: Deprecated declaration initializeLed - give arg types
src\main.h(25): warning:  #1295-D: Deprecated declaration initializeAdc - give arg types
src\main.c(202): error:  #42: operand types are incompatible ("short *" and "int")
src\main.c(207): error:  #42: operand types are incompatible ("short *" and "int")
Target not created
Build target 'Target 1'
compiling main.c...
src\main.h(23): warning:  #1295-D: Deprecated declaration SysTick_Handler - give arg types
src\main.h(24): warning:  #1295-D: Deprecated declaration initializeLed - give arg types
src\main.h(25): warning:  #1295-D: Deprecated declaration initializeAdc - give arg types
src\main.c(18): error:  #137: expression must be a modifiable lvalue
src\main.c(44): error:  #20: identifier "LED" is undefined
src\main.c(202): error:  #42: operand types are incompatible ("short *" and "int")
src\main.c(207): error:  #42: operand types are incompatible ("short *" and "int")
Target not created
Build target 'Target 1'
compiling main.c...
src\main.h(23): warning:  #1295-D: Deprecated declaration SysTick_Handler - give arg types
src\main.h(24): warning:  #1295-D: Deprecated declaration initializeLed - give arg types
src\main.h(25): warning:  #1295-D: Deprecated declaration initializeAdc - give arg types
src\main.c(43): error:  #20: identifier "LED" is undefined
src\main.c(16): warning:  #550-D: variable "currentLED" was set but never used
src\main.c(201): error:  #42: operand types are incompatible ("short *" and "int")
src\main.c(206): error:  #42: operand types are incompatible ("short *" and "int")
Target not created
Build target 'Target 1'
compiling main.c...
src\main.h(23): warning:  #1295-D: Deprecated declaration SysTick_Handler - give arg types
src\main.h(24): warning:  #1295-D: Deprecated declaration initializeLed - give arg types
src\main.h(25): warning:  #1295-D: Deprecated declaration initializeAdc - give arg types
src\main.c(201): error:  #42: operand types are incompatible ("short *" and "int")
src\main.c(206): error:  #42: operand types are incompatible ("short *" and "int")
Target not created
Build target 'Target 1'
compiling main.c...
src\main.h(23): warning:  #1295-D: Deprecated declaration SysTick_Handler - give arg types
src\main.h(24): warning:  #1295-D: Deprecated declaration initializeLed - give arg types
src\main.h(25): warning:  #1295-D: Deprecated declaration initializeAdc - give arg types
linking...
Program Size: Code=5088 RO-data=424 RW-data=52 ZI-data=1636  
".\obj\Lab2_Project.axf" - 0 Error(s), 3 Warning(s).
Build target 'Target 1'
compiling main.c...
src\main.h(25): warning:  #1295-D: Deprecated declaration SysTick_Handler - give arg types
src\main.h(26): warning:  #1295-D: Deprecated declaration initializeLed - give arg types
src\main.h(27): warning:  #1295-D: Deprecated declaration initializeAdc - give arg types
src\main.h(31): warning:  #1295-D: Deprecated declaration pwn - give arg types
linking...
Program Size: Code=5268 RO-data=424 RW-data=56 ZI-data=1632  
".\obj\Lab2_Project.axf" - 0 Error(s), 4 Warning(s).
Build target 'Target 1'
compiling main.c...
src\main.h(25): warning:  #1295-D: Deprecated declaration SysTick_Handler - give arg types
src\main.h(26): warning:  #1295-D: Deprecated declaration initializeLed - give arg types
src\main.h(27): warning:  #1295-D: Deprecated declaration initializeAdc - give arg types
src\main.h(31): warning:  #1295-D: Deprecated declaration pwn - give arg types
src\main.c(35): warning:  #223-D: function "GPIO_Toggle_Bits" declared implicitly
linking...
.\obj\Lab2_Project.axf: Error: L6218E: Undefined symbol GPIO_Toggle_Bits (referred from main.o).
Target not created
Build target 'Target 1'
compiling main.c...
src\main.h(25): warning:  #1295-D: Deprecated declaration SysTick_Handler - give arg types
src\main.h(26): warning:  #1295-D: Deprecated declaration initializeLed - give arg types
src\main.h(27): warning:  #1295-D: Deprecated declaration initializeAdc - give arg types
src\main.h(31): warning:  #1295-D: Deprecated declaration pwn - give arg types
linking...
Program Size: Code=5296 RO-data=424 RW-data=56 ZI-data=1632  
".\obj\Lab2_Project.axf" - 0 Error(s), 4 Warning(s).
Load "C:\\Users\\pwhite8\\ECSE426G7\\Lab 2\\obj\\Lab2_Project.axf" 
Erase Done.
Programming Done.
Verify OK.
Build target 'Target 1'
compiling main.c...
src\main.h(25): warning:  #1295-D: Deprecated declaration SysTick_Handler - give arg types
src\main.h(26): warning:  #1295-D: Deprecated declaration initializeLed - give arg types
src\main.h(27): warning:  #1295-D: Deprecated declaration initializeAdc - give arg types
src\main.h(31): warning:  #1295-D: Deprecated declaration pwn - give arg types
linking...
Program Size: Code=5296 RO-data=424 RW-data=56 ZI-data=1632  
".\obj\Lab2_Project.axf" - 0 Error(s), 4 Warning(s).
Load "C:\\Users\\pwhite8\\ECSE426G7\\Lab 2\\obj\\Lab2_Project.axf" 
Erase Done.
Programming Done.
Verify OK.
Build target 'Target 1'
compiling main.c...
src\main.h(25): warning:  #1295-D: Deprecated declaration SysTick_Handler - give arg types
src\main.h(26): warning:  #1295-D: Deprecated declaration initializeLed - give arg types
src\main.h(27): warning:  #1295-D: Deprecated declaration initializeAdc - give arg types
src\main.h(31): warning:  #1295-D: Deprecated declaration pwn - give arg types
linking...
Program Size: Code=5296 RO-data=424 RW-data=56 ZI-data=1632  
".\obj\Lab2_Project.axf" - 0 Error(s), 4 Warning(s).
Load "C:\\Users\\pwhite8\\ECSE426G7\\Lab 2\\obj\\Lab2_Project.axf" 
Erase Done.
Programming Done.
Verify OK.
Build target 'Target 1'
compiling main.c...
src\main.h(25): warning:  #1295-D: Deprecated declaration SysTick_Handler - give arg types
src\main.h(26): warning:  #1295-D: Deprecated declaration initializeLed - give arg types
src\main.h(27): warning:  #1295-D: Deprecated declaration initializeAdc - give arg types
src\main.h(31): warning:  #1295-D: Deprecated declaration pwn - give arg types
linking...
Program Size: Code=5296 RO-data=424 RW-data=56 ZI-data=1632  
".\obj\Lab2_Project.axf" - 0 Error(s), 4 Warning(s).
Load "C:\\Users\\pwhite8\\ECSE426G7\\Lab 2\\obj\\Lab2_Project.axf" 
Erase Done.
Programming Done.
Verify OK.
Build target 'Target 1'
compiling main.c...
src\main.h(25): warning:  #1295-D: Deprecated declaration SysTick_Handler - give arg types
src\main.h(26): warning:  #1295-D: Deprecated declaration initializeLed - give arg types
src\main.h(27): warning:  #1295-D: Deprecated declaration initializeAdc - give arg types
src\main.h(31): warning:  #1295-D: Deprecated declaration pwn - give arg types
linking...
Program Size: Code=5296 RO-data=424 RW-data=56 ZI-data=1632  
".\obj\Lab2_Project.axf" - 0 Error(s), 4 Warning(s).
Load "C:\\Users\\pwhite8\\ECSE426G7\\Lab 2\\obj\\Lab2_Project.axf" 
Erase Done.
Programming Done.
Verify OK.
Build target 'Target 1'
compiling main.c...
src\main.h(25): warning:  #1295-D: Deprecated declaration SysTick_Handler - give arg types
src\main.h(26): warning:  #1295-D: Deprecated declaration initializeLed - give arg types
src\main.h(27): warning:  #1295-D: Deprecated declaration initializeAdc - give arg types
src\main.h(31): warning:  #1295-D: Deprecated declaration pwn - give arg types
linking...
Program Size: Code=5312 RO-data=424 RW-data=56 ZI-data=1632  
".\obj\Lab2_Project.axf" - 0 Error(s), 4 Warning(s).
Load "C:\\Users\\pwhite8\\ECSE426G7\\Lab 2\\obj\\Lab2_Project.axf" 
Erase Done.
Programming Done.
Verify OK.
Build target 'Target 1'
compiling main.c...
src\main.h(25): warning:  #1295-D: Deprecated declaration SysTick_Handler - give arg types
src\main.h(26): warning:  #1295-D: Deprecated declaration initializeLed - give arg types
src\main.h(27): warning:  #1295-D: Deprecated declaration initializeAdc - give arg types
src\main.h(31): warning:  #1295-D: Deprecated declaration pwn - give arg types
linking...
Program Size: Code=5312 RO-data=424 RW-data=56 ZI-data=1632  
".\obj\Lab2_Project.axf" - 0 Error(s), 4 Warning(s).
Load "C:\\Users\\pwhite8\\ECSE426G7\\Lab 2\\obj\\Lab2_Project.axf" 
Erase Done.
Programming Done.
Verify OK.
Build target 'Target 1'
compiling main.c...
src\main.h(25): warning:  #1295-D: Deprecated declaration SysTick_Handler - give arg types
src\main.h(26): warning:  #1295-D: Deprecated declaration initializeLed - give arg types
src\main.h(27): warning:  #1295-D: Deprecated declaration initializeAdc - give arg types
src\main.h(31): warning:  #1295-D: Deprecated declaration pwn - give arg types
linking...
Program Size: Code=5312 RO-data=424 RW-data=56 ZI-data=1632  
".\obj\Lab2_Project.axf" - 0 Error(s), 4 Warning(s).
Load "C:\\Users\\pwhite8\\ECSE426G7\\Lab 2\\obj\\Lab2_Project.axf" 
Erase Done.
Programming Done.
Verify OK.
Build target 'Target 1'
compiling main.c...
src\main.h(25): warning:  #1295-D: Deprecated declaration SysTick_Handler - give arg types
src\main.h(26): warning:  #1295-D: Deprecated declaration initializeLed - give arg types
src\main.h(27): warning:  #1295-D: Deprecated declaration initializeAdc - give arg types
src\main.h(31): warning:  #1295-D: Deprecated declaration pwn - give arg types
src\main.c(73): error:  #169: expected a declaration
src\main.c(101): warning:  #12-D: parsing restarts here after previous syntax error
src\main.c(102): error:  #79: expected a type specifier
src\main.c(102): error:  #79: expected a type specifier
src\main.c(102): error:  #260-D: explicit type is missing ("int" assumed)
src\main.c(102): error:  #147: declaration is incompatible with "void GPIO_Init(GPIO_TypeDef *, GPIO_InitTypeDef *)" (declared at line 374 of ".\STM32F4xx_StdPeriph_Driver\inc\stm32f4xx_gpio.h")
src\main.c(106): error:  #79: expected a type specifier
src\main.c(106): error:  #757: constant "ENABLE" is not a type name
src\main.c(106): error:  #260-D: explicit type is missing ("int" assumed)
src\main.c(106): error:  #147: declaration is incompatible with "void RCC_AHB1PeriphClockCmd(uint32_t, FunctionalState)" (declared at line 471 of ".\STM32F4xx_StdPeriph_Driver\inc\stm32f4xx_rcc.h")
src\main.c(107): error:  #79: expected a type specifier
src\main.c(107): error:  #260-D: explicit type is missing ("int" assumed)
src\main.c(107): error:  #147: declaration is incompatible with "void GPIO_StructInit(GPIO_InitTypeDef *)" (declared at line 375 of ".\STM32F4xx_StdPeriph_Driver\inc\stm32f4xx_gpio.h")
src\main.c(108): error:  #77-D: this declaration has no storage class or type specifier
src\main.c(108): error:  #147: declaration is incompatible with "GPIO_InitTypeDef gpio_init_sC" (declared at line 105)
src\main.c(108): error:  #65: expected a ";"
src\main.c(109): error:  #77-D: this declaration has no storage class or type specifier
src\main.c(109): error:  #65: expected a ";"
src\main.c(110): error:  #77-D: this declaration has no storage class or type specifier
src\main.c(110): error:  #65: expected a ";"
src\main.c(111): error:  #77-D: this declaration has no storage class or type specifier
src\main.c(111): error:  #65: expected a ";"
src\main.c(112): error:  #77-D: this declaration has no storage class or type specifier
src\main.c(112): error:  #65: expected a ";"
src\main.c(113): error:  #79: expected a type specifier
src\main.c(113): error:  #79: expected a type specifier
src\main.c(113): error:  #260-D: explicit type is missing ("int" assumed)
src\main.c(117): error:  #79: expected a type specifier
src\main.c(117): error:  #757: constant "ENABLE" is not a type name
src\main.c(117): error:  #260-D: explicit type is missing ("int" assumed)
src\main.c(118): error:  #79: expected a type specifier
Target not created
Build target 'Target 1'
compiling main.c...
src\main.h(25): warning:  #1295-D: Deprecated declaration SysTick_Handler - give arg types
src\main.h(26): warning:  #1295-D: Deprecated declaration initializeLed - give arg types
src\main.h(27): warning:  #1295-D: Deprecated declaration initializeAdc - give arg types
src\main.h(31): warning:  #1295-D: Deprecated declaration pwn - give arg types
linking...
Program Size: Code=5332 RO-data=424 RW-data=56 ZI-data=1632  
".\obj\Lab2_Project.axf" - 0 Error(s), 4 Warning(s).
Load "C:\\Users\\pwhite8\\ECSE426G7\\Lab 2\\obj\\Lab2_Project.axf" 
Erase Done.
Programming Done.
Verify OK.
Build target 'Target 1'
compiling main.c...
src\main.h(25): warning:  #1295-D: Deprecated declaration SysTick_Handler - give arg types
src\main.h(26): warning:  #1295-D: Deprecated declaration initializeLed - give arg types
src\main.h(27): warning:  #1295-D: Deprecated declaration initializeAdc - give arg types
src\main.h(31): warning:  #1295-D: Deprecated declaration pwn - give arg types
linking...
Program Size: Code=5332 RO-data=424 RW-data=56 ZI-data=1632  
".\obj\Lab2_Project.axf" - 0 Error(s), 4 Warning(s).
Load "C:\\Users\\pwhite8\\ECSE426G7\\Lab 2\\obj\\Lab2_Project.axf" 
Erase Done.
Programming Done.
Verify OK.
Build target 'Target 1'
compiling main.c...
src\main.h(25): warning:  #1295-D: Deprecated declaration SysTick_Handler - give arg types
src\main.h(26): warning:  #1295-D: Deprecated declaration initializeLed - give arg types
src\main.h(27): warning:  #1295-D: Deprecated declaration initializeAdc - give arg types
src\main.h(31): warning:  #1295-D: Deprecated declaration pwn - give arg types
linking...
Program Size: Code=5332 RO-data=424 RW-data=56 ZI-data=1632  
".\obj\Lab2_Project.axf" - 0 Error(s), 4 Warning(s).
Load "C:\\Users\\pwhite8\\ECSE426G7\\Lab 2\\obj\\Lab2_Project.axf" 
Erase Done.
Programming Done.
Verify OK.
Build target 'Target 1'
compiling main.c...
src\main.h(25): warning:  #1295-D: Deprecated declaration SysTick_Handler - give arg types
src\main.h(26): warning:  #1295-D: Deprecated declaration initializeLed - give arg types
src\main.h(27): warning:  #1295-D: Deprecated declaration initializeAdc - give arg types
src\main.h(31): warning:  #1295-D: Deprecated declaration pwn - give arg types
linking...
Program Size: Code=5412 RO-data=424 RW-data=56 ZI-data=1632  
".\obj\Lab2_Project.axf" - 0 Error(s), 4 Warning(s).
Load "C:\\Users\\pwhite8\\ECSE426G7\\Lab 2\\obj\\Lab2_Project.axf" 
Erase Done.
Programming Done.
Verify OK.
Build target 'Target 1'
compiling main.c...
src\main.h(25): warning:  #1295-D: Deprecated declaration SysTick_Handler - give arg types
src\main.h(26): warning:  #1295-D: Deprecated declaration initializeLed - give arg types
src\main.h(27): warning:  #1295-D: Deprecated declaration initializeAdc - give arg types
src\main.h(31): warning:  #1295-D: Deprecated declaration pwn - give arg types
src\main.c(52): warning:  #188-D: enumerated type mixed with another type
src\main.c(57): warning:  #188-D: enumerated type mixed with another type
linking...
Program Size: Code=5416 RO-data=424 RW-data=56 ZI-data=1632  
".\obj\Lab2_Project.axf" - 0 Error(s), 6 Warning(s).
Load "C:\\Users\\pwhite8\\ECSE426G7\\Lab 2\\obj\\Lab2_Project.axf" 
Erase Done.
Programming Done.
Verify OK.
Build target 'Target 1'
compiling main.c...
src\main.h(25): warning:  #1295-D: Deprecated declaration SysTick_Handler - give arg types
src\main.h(26): warning:  #1295-D: Deprecated declaration initializeLed - give arg types
src\main.h(27): warning:  #1295-D: Deprecated declaration initializeAdc - give arg types
src\main.h(31): warning:  #1295-D: Deprecated declaration pwn - give arg types
src\main.c(52): warning:  #188-D: enumerated type mixed with another type
src\main.c(57): warning:  #188-D: enumerated type mixed with another type
linking...
Program Size: Code=5416 RO-data=424 RW-data=56 ZI-data=1632  
".\obj\Lab2_Project.axf" - 0 Error(s), 6 Warning(s).
Load "C:\\Users\\pwhite8\\ECSE426G7\\Lab 2\\obj\\Lab2_Project.axf" 
Erase Done.
Programming Done.
Verify OK.
Build target 'Target 1'
compiling main.c...
src\main.h(25): warning:  #1295-D: Deprecated declaration SysTick_Handler - give arg types
src\main.h(26): warning:  #1295-D: Deprecated declaration initializeLed - give arg types
src\main.h(27): warning:  #1295-D: Deprecated declaration initializeAdc - give arg types
src\main.h(31): warning:  #1295-D: Deprecated declaration pwn - give arg types
src\main.c(52): warning:  #188-D: enumerated type mixed with another type
src\main.c(57): warning:  #188-D: enumerated type mixed with another type
linking...
Program Size: Code=5416 RO-data=424 RW-data=56 ZI-data=1632  
".\obj\Lab2_Project.axf" - 0 Error(s), 6 Warning(s).
Load "C:\\Users\\pwhite8\\ECSE426G7\\Lab 2\\obj\\Lab2_Project.axf" 
Erase Done.
Programming Done.
Verify OK.
Build target 'Target 1'
compiling main.c...
src\main.h(25): warning:  #1295-D: Deprecated declaration SysTick_Handler - give arg types
src\main.h(26): warning:  #1295-D: Deprecated declaration initializeLed - give arg types
src\main.h(27): warning:  #1295-D: Deprecated declaration initializeAdc - give arg types
src\main.h(31): warning:  #1295-D: Deprecated declaration pwn - give arg types
src\main.c(52): warning:  #188-D: enumerated type mixed with another type
src\main.c(57): warning:  #188-D: enumerated type mixed with another type
linking...
Program Size: Code=5420 RO-data=424 RW-data=56 ZI-data=1632  
".\obj\Lab2_Project.axf" - 0 Error(s), 6 Warning(s).
Load "C:\\Users\\pwhite8\\ECSE426G7\\Lab 2\\obj\\Lab2_Project.axf" 
Erase Done.
Programming Done.
Verify OK.
Build target 'Target 1'
compiling main.c...
src\main.h(25): warning:  #1295-D: Deprecated declaration SysTick_Handler - give arg types
src\main.h(26): warning:  #1295-D: Deprecated declaration initializeLed - give arg types
src\main.h(27): warning:  #1295-D: Deprecated declaration initializeAdc - give arg types
src\main.h(31): warning:  #1295-D: Deprecated declaration pwn - give arg types
src\main.c(52): warning:  #188-D: enumerated type mixed with another type
src\main.c(57): warning:  #188-D: enumerated type mixed with another type
linking...
Program Size: Code=5416 RO-data=424 RW-data=56 ZI-data=1632  
".\obj\Lab2_Project.axf" - 0 Error(s), 6 Warning(s).
Load "C:\\Users\\pwhite8\\ECSE426G7\\Lab 2\\obj\\Lab2_Project.axf" 
Erase Done.
Programming Done.
Verify OK.
Build target 'Target 1'
compiling main.c...
src\main.h(25): warning:  #1295-D: Deprecated declaration SysTick_Handler - give arg types
src\main.h(26): warning:  #1295-D: Deprecated declaration initializeLed - give arg types
src\main.h(27): warning:  #1295-D: Deprecated declaration initializeAdc - give arg types
src\main.h(31): warning:  #1295-D: Deprecated declaration pwn - give arg types
src\main.c(52): warning:  #188-D: enumerated type mixed with another type
src\main.c(57): warning:  #188-D: enumerated type mixed with another type
linking...
Program Size: Code=5416 RO-data=424 RW-data=56 ZI-data=1632  
".\obj\Lab2_Project.axf" - 0 Error(s), 6 Warning(s).
Load "C:\\Users\\pwhite8\\ECSE426G7\\Lab 2\\obj\\Lab2_Project.axf" 
Erase Done.
Programming Done.
Verify OK.
Build target 'Target 1'
compiling main.c...
src\main.h(25): warning:  #1295-D: Deprecated declaration SysTick_Handler - give arg types
src\main.h(26): warning:  #1295-D: Deprecated declaration initializeLed - give arg types
src\main.h(27): warning:  #1295-D: Deprecated declaration initializeAdc - give arg types
src\main.h(31): warning:  #1295-D: Deprecated declaration pwn - give arg types
src\main.c(52): warning:  #188-D: enumerated type mixed with another type
src\main.c(57): warning:  #188-D: enumerated type mixed with another type
linking...
Program Size: Code=5416 RO-data=424 RW-data=56 ZI-data=1632  
".\obj\Lab2_Project.axf" - 0 Error(s), 6 Warning(s).
Load "C:\\Users\\pwhite8\\ECSE426G7\\Lab 2\\obj\\Lab2_Project.axf" 
Erase Done.
Programming Done.
Verify OK.
