<html>
<body>
<pre>
<h1>µVision Build Log</h1>
<h2>Project:</h2>
C:\Users\gmarti37\ECSE426G7\Lab 2\Lab2_Project.uvproj
Project File Date:  10/05/2013

<h2>Output:</h2>
Build target 'Target 1'
compiling main.c...
src\main.c(71): error:  #29: expected an expression
src\main.c(53): warning:  #550-D: variable "voltage" was set but never used
Target not created
Build target 'Target 1'
compiling main.c...
src\main.c(10): warning:  #69-D: integer conversion resulted in truncation
src\main.c(54): warning:  #550-D: variable "temperature" was set but never used
linking...
Program Size: Code=4380 RO-data=424 RW-data=44 ZI-data=1636  
".\obj\Lab2_Project.axf" - 0 Error(s), 2 Warning(s).
Load "C:\\Users\\gmarti37\\ECSE426G7\\Lab 2\\obj\\Lab2_Project.axf" 
Erase Done.
Programming Done.
Verify OK.
Build target 'Target 1'
compiling main.c...
src\main.c(10): warning:  #69-D: integer conversion resulted in truncation
src\main.c(54): warning:  #550-D: variable "temperature" was set but never used
linking...
Program Size: Code=4380 RO-data=424 RW-data=44 ZI-data=1636  
".\obj\Lab2_Project.axf" - 0 Error(s), 2 Warning(s).
Load "C:\\Users\\gmarti37\\ECSE426G7\\Lab 2\\obj\\Lab2_Project.axf" 
Erase Done.
Programming Done.
Verify OK.
Build target 'Target 1'
compiling main.c...
src\main.c(10): warning:  #69-D: integer conversion resulted in truncation
src\main.c(54): warning:  #550-D: variable "temperature" was set but never used
linking...
Program Size: Code=4364 RO-data=424 RW-data=44 ZI-data=1636  
".\obj\Lab2_Project.axf" - 0 Error(s), 2 Warning(s).
Load "C:\\Users\\gmarti37\\ECSE426G7\\Lab 2\\obj\\Lab2_Project.axf" 
Erase Done.
Programming Done.
Verify OK.
Build target 'Target 1'
compiling main.c...
src\main.c(54): warning:  #550-D: variable "temperature" was set but never used
linking...
Program Size: Code=4364 RO-data=424 RW-data=44 ZI-data=1636  
".\obj\Lab2_Project.axf" - 0 Error(s), 1 Warning(s).
Load "C:\\Users\\gmarti37\\ECSE426G7\\Lab 2\\obj\\Lab2_Project.axf" 
Erase Done.
Programming Done.
Verify OK.
Build target 'Target 1'
compiling main.c...
src\main.c(79): warning:  #177-D: variable "x" was declared but never referenced
src\main.c(54): warning:  #550-D: variable "temperature" was set but never used
linking...
Program Size: Code=4368 RO-data=424 RW-data=44 ZI-data=1636  
".\obj\Lab2_Project.axf" - 0 Error(s), 2 Warning(s).
Load "C:\\Users\\gmarti37\\ECSE426G7\\Lab 2\\obj\\Lab2_Project.axf" 
Erase Done.
Programming Done.
Verify OK.
Build target 'Target 1'
compiling main.c...
src\main.c(79): warning:  #177-D: variable "x" was declared but never referenced
src\main.c(54): warning:  #550-D: variable "temperature" was set but never used
linking...
Program Size: Code=4368 RO-data=424 RW-data=44 ZI-data=1636  
".\obj\Lab2_Project.axf" - 0 Error(s), 2 Warning(s).
Load "C:\\Users\\gmarti37\\ECSE426G7\\Lab 2\\obj\\Lab2_Project.axf" 
Erase Done.
Programming Done.
Verify OK.
Build target 'Target 1'
compiling main.c...
src\main.c(79): warning:  #177-D: variable "x" was declared but never referenced
src\main.c(54): warning:  #550-D: variable "temperature" was set but never used
linking...
Program Size: Code=4288 RO-data=424 RW-data=44 ZI-data=1636  
".\obj\Lab2_Project.axf" - 0 Error(s), 2 Warning(s).
Load "C:\\Users\\gmarti37\\ECSE426G7\\Lab 2\\obj\\Lab2_Project.axf" 
Erase Done.
Programming Done.
Verify OK.
Build target 'Target 1'
linking...
Program Size: Code=4288 RO-data=424 RW-data=44 ZI-data=1636  
".\obj\Lab2_Project.axf" - 0 Error(s), 0 Warning(s).
Load "C:\\Users\\gmarti37\\ECSE426G7\\Lab 2\\obj\\Lab2_Project.axf" 
Erase Done.
Programming Done.
Verify OK.
Build target 'Target 1'
compiling main.c...
src\main.c(79): warning:  #177-D: variable "x" was declared but never referenced
src\main.c(54): warning:  #550-D: variable "temperature" was set but never used
linking...
Program Size: Code=4288 RO-data=424 RW-data=44 ZI-data=1636  
".\obj\Lab2_Project.axf" - 0 Error(s), 2 Warning(s).
Load "C:\\Users\\gmarti37\\ECSE426G7\\Lab 2\\obj\\Lab2_Project.axf" 
Erase Done.
Programming Done.
Verify OK.
Build target 'Target 1'
linking...
Program Size: Code=4288 RO-data=424 RW-data=44 ZI-data=1636  
".\obj\Lab2_Project.axf" - 0 Error(s), 0 Warning(s).
Load "C:\\Users\\gmarti37\\ECSE426G7\\Lab 2\\obj\\Lab2_Project.axf" 
Erase Done.
Programming Done.
Verify OK.
Build target 'Target 1'
compiling main.c...
src\main.c(53): warning:  #550-D: variable "voltage" was set but never used
src\main.c(54): warning:  #177-D: variable "temperature" was declared but never referenced
src\main.c(55): warning:  #177-D: variable "avgSlope" was declared but never referenced
linking...
Program Size: Code=4280 RO-data=424 RW-data=44 ZI-data=1636  
".\obj\Lab2_Project.axf" - 0 Error(s), 3 Warning(s).
Load "C:\\Users\\gmarti37\\ECSE426G7\\Lab 2\\obj\\Lab2_Project.axf" 
Erase Done.
Programming Done.
Verify OK.
Build target 'Target 1'
compiling main.c...
src\main.c(53): warning:  #550-D: variable "voltage" was set but never used
src\main.c(54): warning:  #177-D: variable "temperature" was declared but never referenced
src\main.c(55): warning:  #177-D: variable "avgSlope" was declared but never referenced
linking...
Program Size: Code=4284 RO-data=424 RW-data=44 ZI-data=1636  
".\obj\Lab2_Project.axf" - 0 Error(s), 3 Warning(s).
Load "C:\\Users\\gmarti37\\ECSE426G7\\Lab 2\\obj\\Lab2_Project.axf" 
Erase Done.
Programming Done.
Verify OK.
Build target 'Target 1'
compiling main.c...
src\main.c(53): warning:  #550-D: variable "voltage" was set but never used
src\main.c(54): warning:  #177-D: variable "temperature" was declared but never referenced
src\main.c(55): warning:  #177-D: variable "avgSlope" was declared but never referenced
linking...
Program Size: Code=4304 RO-data=424 RW-data=44 ZI-data=1636  
".\obj\Lab2_Project.axf" - 0 Error(s), 3 Warning(s).
Load "C:\\Users\\gmarti37\\ECSE426G7\\Lab 2\\obj\\Lab2_Project.axf" 
Erase Done.
Programming Done.
Verify OK.
Build target 'Target 1'
compiling main.c...
src\main.c(54): warning:  #550-D: variable "temperature" was set but never used
linking...
Program Size: Code=4384 RO-data=424 RW-data=44 ZI-data=1636  
".\obj\Lab2_Project.axf" - 0 Error(s), 1 Warning(s).
Load "C:\\Users\\gmarti37\\ECSE426G7\\Lab 2\\obj\\Lab2_Project.axf" 
Erase Done.
Programming Done.
Verify OK.
Build target 'Target 1'
compiling main.c...
src\main.c(54): warning:  #550-D: variable "temperature" was set but never used
linking...
Program Size: Code=4392 RO-data=424 RW-data=44 ZI-data=1636  
".\obj\Lab2_Project.axf" - 0 Error(s), 1 Warning(s).
Load "C:\\Users\\gmarti37\\ECSE426G7\\Lab 2\\obj\\Lab2_Project.axf" 
Erase Done.
Programming Done.
Verify OK.
Build target 'Target 1'
compiling main.c...
src\main.c(54): warning:  #550-D: variable "temperature" was set but never used
linking...
Program Size: Code=4948 RO-data=424 RW-data=52 ZI-data=1636  
".\obj\Lab2_Project.axf" - 0 Error(s), 1 Warning(s).
Load "C:\\Users\\gmarti37\\ECSE426G7\\Lab 2\\obj\\Lab2_Project.axf" 
Erase Done.
Programming Done.
Verify OK.
Build target 'Target 1'
linking...
Program Size: Code=4948 RO-data=424 RW-data=52 ZI-data=1636  
".\obj\Lab2_Project.axf" - 0 Error(s), 0 Warning(s).
Build target 'Target 1'
compiling main.c...
src\main.c(54): warning:  #550-D: variable "temperature" was set but never used
linking...
Program Size: Code=4952 RO-data=424 RW-data=52 ZI-data=1636  
".\obj\Lab2_Project.axf" - 0 Error(s), 1 Warning(s).
Load "C:\\Users\\gmarti37\\ECSE426G7\\Lab 2\\obj\\Lab2_Project.axf" 
Erase Done.
Programming Done.
Verify OK.
Build target 'Target 1'
compiling main.c...
src\main.c(54): warning:  #550-D: variable "temperature" was set but never used
linking...
Program Size: Code=4392 RO-data=424 RW-data=44 ZI-data=1636  
".\obj\Lab2_Project.axf" - 0 Error(s), 1 Warning(s).
Build target 'Target 1'
linking...
Program Size: Code=4392 RO-data=424 RW-data=44 ZI-data=1636  
".\obj\Lab2_Project.axf" - 0 Error(s), 0 Warning(s).
Load "C:\\Users\\gmarti37\\ECSE426G7\\Lab 2\\obj\\Lab2_Project.axf" 
Erase Done.
Programming Done.
Verify OK.
Build target 'Target 1'
compiling main.c...
src\main.c(53): warning:  #550-D: variable "voltage" was set but never used
src\main.c(54): warning:  #177-D: variable "temperature" was declared but never referenced
src\main.c(55): warning:  #177-D: variable "avgSlope" was declared but never referenced
linking...
Program Size: Code=4384 RO-data=424 RW-data=44 ZI-data=1636  
".\obj\Lab2_Project.axf" - 0 Error(s), 3 Warning(s).
Load "C:\\Users\\gmarti37\\ECSE426G7\\Lab 2\\obj\\Lab2_Project.axf" 
Erase Done.
Programming Done.
Verify OK.
Build target 'Target 1'
compiling main.c...
src\main.c(53): warning:  #550-D: variable "voltage" was set but never used
src\main.c(54): warning:  #177-D: variable "temperature" was declared but never referenced
src\main.c(55): warning:  #177-D: variable "avgSlope" was declared but never referenced
linking...
Program Size: Code=4380 RO-data=424 RW-data=44 ZI-data=1636  
".\obj\Lab2_Project.axf" - 0 Error(s), 3 Warning(s).
Load "C:\\Users\\gmarti37\\ECSE426G7\\Lab 2\\obj\\Lab2_Project.axf" 
Erase Done.
Programming Done.
Verify OK.
Build target 'Target 1'
compiling main.c...
src\main.c(53): warning:  #550-D: variable "voltage" was set but never used
src\main.c(54): warning:  #177-D: variable "temperature" was declared but never referenced
src\main.c(55): warning:  #177-D: variable "avgSlope" was declared but never referenced
linking...
Program Size: Code=4384 RO-data=424 RW-data=44 ZI-data=1636  
".\obj\Lab2_Project.axf" - 0 Error(s), 3 Warning(s).
Load "C:\\Users\\gmarti37\\ECSE426G7\\Lab 2\\obj\\Lab2_Project.axf" 
Erase Done.
Programming Done.
Verify OK.
Build target 'Target 1'
compiling main.c...
src\main.c(53): warning:  #550-D: variable "voltage" was set but never used
src\main.c(54): warning:  #177-D: variable "temperature" was declared but never referenced
src\main.c(55): warning:  #177-D: variable "avgSlope" was declared but never referenced
linking...
Program Size: Code=4384 RO-data=424 RW-data=44 ZI-data=1636  
".\obj\Lab2_Project.axf" - 0 Error(s), 3 Warning(s).
Load "C:\\Users\\gmarti37\\ECSE426G7\\Lab 2\\obj\\Lab2_Project.axf" 
Erase Done.
Programming Done.
Verify OK.
Build target 'Target 1'
compiling main.c...
src\main.c(54): warning:  #550-D: variable "temperature" was set but never used
linking...
Program Size: Code=4388 RO-data=424 RW-data=44 ZI-data=1636  
".\obj\Lab2_Project.axf" - 0 Error(s), 1 Warning(s).
Load "C:\\Users\\gmarti37\\ECSE426G7\\Lab 2\\obj\\Lab2_Project.axf" 
Erase Done.
Programming Done.
Verify OK.
Build target 'Target 1'
compiling main.c...
src\main.c(54): warning:  #550-D: variable "temperature" was set but never used
linking...
Program Size: Code=4436 RO-data=424 RW-data=44 ZI-data=1636  
".\obj\Lab2_Project.axf" - 0 Error(s), 1 Warning(s).
Load "C:\\Users\\gmarti37\\ECSE426G7\\Lab 2\\obj\\Lab2_Project.axf" 
Erase Done.
Programming Done.
Verify OK.
Build target 'Target 1'
compiling main.c...
src\main.c(55): warning:  #550-D: variable "temperature" was set but never used
linking...
Program Size: Code=4472 RO-data=424 RW-data=44 ZI-data=1636  
".\obj\Lab2_Project.axf" - 0 Error(s), 1 Warning(s).
Build target 'Target 1'
compiling main.c...
src\main.c(55): warning:  #550-D: variable "temperature" was set but never used
linking...
Program Size: Code=4468 RO-data=424 RW-data=44 ZI-data=1636  
".\obj\Lab2_Project.axf" - 0 Error(s), 1 Warning(s).
Load "C:\\Users\\gmarti37\\ECSE426G7\\Lab 2\\obj\\Lab2_Project.axf" 
Erase Done.
Programming Done.
Verify OK.
Build target 'Target 1'
compiling main.c...
src\main.c(55): warning:  #550-D: variable "temperature" was set but never used
linking...
Program Size: Code=4392 RO-data=424 RW-data=44 ZI-data=1636  
".\obj\Lab2_Project.axf" - 0 Error(s), 1 Warning(s).
Load "C:\\Users\\gmarti37\\ECSE426G7\\Lab 2\\obj\\Lab2_Project.axf" 
Erase Done.
Programming Done.
Verify OK.
